TESTING FOR SUPPLIER: flashturn (ID: 1)
Linked Shop IDs: [1]
  - Shop: onestop (ID: 1)
Requests returned by filter (count: 0):

ALL SUPPLY REQUESTS IN DB:
